-----------------------------------------------------------------------------------------------------------
      name:  <unnamed>
       log:  C:\Users\17286\Documents\example.log
  log type:  text
 opened on:  29 Oct 2025, 17:50:23
. 
. ********Example of Using readraster Package************
. cap findfile readraster.sthlp

.     if _rc {\lbr}
.     display "change the working directory to the folder where readraster package is located"
.     exit
.     {\rbr}

. 
. cap findfile DMSP-like2020.tif

. if _rc {\lbr}
.    display "change the working directory to the folder where readraster package is located"
.    exit
. {\rbr}

. ************Set up for Readraster************
. 
. cap findfile gt-main-32.0.jar

. if _rc {\lbr}
.    display "using setup.do to install Java dependencies"
using setup.do to install Java dependencies
.    display "downloading the Java dependencies requires dozen minutes and might fail due to network issues"
downloading the Java dependencies requires dozen minutes and might fail due to network issues
.    display `"if it fails, please try again, or download the Java dependencies manually as instructed in georools_init (see {\lbr}view "geotools_init.sthlp":help geotools
> _init{\rbr})"'
if it fails, please try again, or download the Java dependencies manually as instructed in georools_init (see help geotools_init)
.    do setup.do

. 
. ************Set up for Readraster************
. display "******Download Java dependency for readraster*******"
******Download Java dependency for readraster*******

. display "******The dowloading may take dozen mininutes*******"
******The dowloading may take dozen mininutes*******

. 
. cap findfile geotools_init.ado

. if _rc {\lbr}
.         display "make sure the current directory is the one containing geotools_init.ado"
.         exit
. {\rbr}

. cap findfile netcdfAll-5.9.1.jar,path(`"`c(pwd)'"')

. if _rc==0 netcdf_init `c(pwd)', plus(netcdf)
Copying netcdfAll-5.9.1.jar to /working\\ado\\plus/netcdf ...

. else netcdf_init, download plus(netcdf)

. 
. cap findfile geotools-34.0-bin.zip, path(`"`c(pwd)'"')

. if _rc==0{\lbr}
.      unzipfile geotools-34.0-bin.zip
    can't overwrite "geotools-34.0/licenses/NOTICE.html"; skipping
    can't overwrite "geotools-34.0/src/org/geotools/tutorial/quickstart/Quickstart.java"; skipping
    can't overwrite "geotools-34.0/README.html"; skipping
    can't overwrite "geotools-34.0/licenses/OGC.html"; skipping
    can't overwrite "geotools-34.0/licenses/HSQL.html"; skipping
    can't overwrite "geotools-34.0/licenses/EPSG.html"; skipping
    can't overwrite "geotools-34.0/licenses/GeoTools.html"; skipping
    can't overwrite "geotools-34.0/licenses/netCDF.html"; skipping
    can't overwrite "geotools-34.0/licenses/LGPL.html"; skipping
    can't overwrite "geotools-34.0/licenses/COLORBREWER.html"; skipping
    can't overwrite "geotools-34.0/licenses/PostgreSQL.html"; skipping
    can't overwrite "geotools-34.0/licenses/Bitstream-Vera-Fonts.html"; skipping
    can't overwrite "geotools-34.0/licenses/W3C.html"; skipping
    can't overwrite "geotools-34.0/lib/imagen-core-0.9.0.jar"; skipping
    can't overwrite "geotools-34.0/lib/jiffle-op-0.9.0.jar"; skipping
    can't overwrite "geotools-34.0/lib/jiffle-language-0.9.0.jar"; skipping
    can't overwrite "geotools-34.0/lib/antlr4-runtime-4.7.1.jar"; skipping
    can't overwrite "geotools-34.0/lib/janino-3.0.8.jar"; skipping
    can't overwrite "geotools-34.0/lib/commons-compiler-3.0.8.jar"; skipping
    can't overwrite "geotools-34.0/lib/classbreaks-0.9.0.jar"; skipping
    can't overwrite "geotools-34.0/lib/affine-0.9.0.jar"; skipping
    can't overwrite "geotools-34.0/lib/algebra-0.9.0.jar"; skipping
    can't overwrite "geotools-34.0/lib/bandmerge-0.9.0.jar"; skipping
    can't overwrite "geotools-34.0/lib/bandselect-0.9.0.jar"; skipping
    can't overwrite "geotools-34.0/lib/bandcombine-0.9.0.jar"; skipping
    can't overwrite "geotools-34.0/lib/border-0.9.0.jar"; skipping
    can't overwrite "geotools-34.0/lib/buffer-0.9.0.jar"; skipping
    can't overwrite "geotools-34.0/lib/crop-0.9.0.jar"; skipping
    can't overwrite "geotools-34.0/lib/iterators-0.9.0.jar"; skipping
    can't overwrite "geotools-34.0/lib/lookup-0.9.0.jar"; skipping
    can't overwrite "geotools-34.0/lib/mosaic-0.9.0.jar"; skipping
    can't overwrite "geotools-34.0/lib/nullop-0.9.0.jar"; skipping
    can't overwrite "geotools-34.0/lib/rescale-0.9.0.jar"; skipping
    can't overwrite "geotools-34.0/lib/scale-0.9.0.jar"; skipping
    can't overwrite "geotools-34.0/lib/scale2-0.9.0.jar"; skipping
    can't overwrite "geotools-34.0/lib/bigint-0.7.1.jar"; skipping
    can't overwrite "geotools-34.0/lib/stats-0.9.0.jar"; skipping
    can't overwrite "geotools-34.0/lib/guava-33.4.8-jre.jar"; skipping
    can't overwrite "geotools-34.0/lib/failureaccess-1.0.3.jar"; skipping
    can't overwrite "geotools-34.0/lib/listenablefuture-9999.0-empty-to-avoid-conflict-with-guava.jar"; skipping
    can't overwrite "geotools-34.0/lib/jspecify-1.0.0.jar"; skipping
    can't overwrite "geotools-34.0/lib/error_prone_annotations-2.36.0.jar"; skipping
    can't overwrite "geotools-34.0/lib/j2objc-annotations-3.0.0.jar"; skipping
    can't overwrite "geotools-34.0/lib/translate-0.9.0.jar"; skipping
    can't overwrite "geotools-34.0/lib/utilities-0.9.0.jar"; skipping
    can't overwrite "geotools-34.0/lib/jts-core-1.20.0.jar"; skipping
    can't overwrite "geotools-34.0/lib/warp-0.9.0.jar"; skipping
    can't overwrite "geotools-34.0/lib/zonal-0.9.0.jar"; skipping
    can't overwrite "geotools-34.0/lib/binarize-0.9.0.jar"; skipping
    can't overwrite "geotools-34.0/lib/format-0.9.0.jar"; skipping
    can't overwrite "geotools-34.0/lib/colorconvert-0.9.0.jar"; skipping
    can't overwrite "geotools-34.0/lib/errordiffusion-0.9.0.jar"; skipping
    can't overwrite "geotools-34.0/lib/orderdither-0.9.0.jar"; skipping
    can't overwrite "geotools-34.0/lib/colorindexer-0.9.0.jar"; skipping
    can't overwrite "geotools-34.0/lib/imagefunction-0.9.0.jar"; skipping
    can't overwrite "geotools-34.0/lib/piecewise-0.9.0.jar"; skipping
    can't overwrite "geotools-34.0/lib/classifier-0.9.0.jar"; skipping
    can't overwrite "geotools-34.0/lib/rlookup-0.9.0.jar"; skipping
    can't overwrite "geotools-34.0/lib/vectorbin-0.9.0.jar"; skipping
    can't overwrite "geotools-34.0/lib/shadedrelief-0.9.0.jar"; skipping
    can't overwrite "geotools-34.0/lib/concurrent-tile-cache-0.9.0.jar"; skipping
    can't overwrite "geotools-34.0/lib/rendered-image-browser-0.9.0.jar"; skipping
    can't overwrite "geotools-34.0/lib/imageread-0.9.0.jar"; skipping
    can't overwrite "geotools-34.0/lib/convolve-0.9.0.jar"; skipping
    can't overwrite "geotools-34.0/lib/contour-0.9.0.jar"; skipping
    can't overwrite "geotools-34.0/lib/vectorize-0.9.0.jar"; skipping
    can't overwrite "geotools-34.0/lib/gt-app-schema-resolver-34.0.jar"; skipping
    can't overwrite "geotools-34.0/lib/xml-commons-resolver-1.2.jar"; skipping
    can't overwrite "geotools-34.0/lib/gt-app-schema-34.0.jar"; skipping
    can't overwrite "geotools-34.0/lib/jdom2-2.0.6.1.jar"; skipping
    can't overwrite "geotools-34.0/lib/commons-digester-1.8.1.jar"; skipping
    can't overwrite "geotools-34.0/lib/commons-logging-1.3.5.jar"; skipping
    can't overwrite "geotools-34.0/lib/commons-lang3-3.18.0.jar"; skipping
    can't overwrite "geotools-34.0/lib/net.opengis.wfs-34.0.jar"; skipping
    can't overwrite "geotools-34.0/lib/commons-io-2.19.0.jar"; skipping
    can't overwrite "geotools-34.0/lib/gt-arcgrid-34.0.jar"; skipping
    can't overwrite "geotools-34.0/lib/unit-api-2.2.jar"; skipping
    can't overwrite "geotools-34.0/lib/imageio-ext-arcgrid-2.0.0.jar"; skipping
    can't overwrite "geotools-34.0/lib/gt-brewer-34.0.jar"; skipping
    can't overwrite "geotools-34.0/lib/gt-charts-34.0.jar"; skipping
    can't overwrite "geotools-34.0/lib/eastwood-1.1.1-20090908.jar"; skipping
    can't overwrite "geotools-34.0/lib/jfreechart-1.0.10.jar"; skipping
    can't overwrite "geotools-34.0/lib/jcommon-1.0.13.jar"; skipping
    can't overwrite "geotools-34.0/lib/gt-complex-34.0.jar"; skipping
    can't overwrite "geotools-34.0/lib/gt-cql2-text-34.0.jar"; skipping
    can't overwrite "geotools-34.0/lib/gt-cql2-json-34.0.jar"; skipping
    can't overwrite "geotools-34.0/lib/jackson-core-2.19.0.jar"; skipping
    can't overwrite "geotools-34.0/lib/jackson-databind-2.19.0.jar"; skipping
    can't overwrite "geotools-34.0/lib/jackson-annotations-2.19.0.jar"; skipping
    can't overwrite "geotools-34.0/lib/gt-geojson-core-34.0.jar"; skipping
    can't overwrite "geotools-34.0/lib/gt-coverage-api-34.0.jar"; skipping
    can't overwrite "geotools-34.0/lib/imageio-ext-utilities-2.0.0.jar"; skipping
    can't overwrite "geotools-34.0/lib/imageio-ext-geocore-2.0.0.jar"; skipping
    can't overwrite "geotools-34.0/lib/spotbugs-annotations-4.0.2.jar"; skipping
    can't overwrite "geotools-34.0/lib/gt-grib-34.0.jar"; skipping
    can't overwrite "geotools-34.0/lib/cdm-core-5.5.3.jar"; skipping
    can't overwrite "geotools-34.0/lib/udunits-5.5.3.jar"; skipping
    can't overwrite "geotools-34.0/lib/httpservices-5.5.3.jar"; skipping
    can't overwrite "geotools-34.0/lib/httpmime-4.5.13.jar"; skipping
    can't overwrite "geotools-34.0/lib/jcommander-1.78.jar"; skipping
    can't overwrite "geotools-34.0/lib/protobuf-java-3.19.3.jar"; skipping
    can't overwrite "geotools-34.0/lib/joda-time-2.10.3.jar"; skipping
    can't overwrite "geotools-34.0/lib/slf4j-api-2.0.16.jar"; skipping
    can't overwrite "geotools-34.0/lib/grib-5.5.3.jar"; skipping
    can't overwrite "geotools-34.0/lib/jj2000-5.4.jar"; skipping
    can't overwrite "geotools-34.0/lib/gt-netcdf-34.0.jar"; skipping
    can't overwrite "geotools-34.0/lib/netcdf4-5.5.3.jar"; skipping
    can't overwrite "geotools-34.0/lib/jna-5.4.0.jar"; skipping
    can't overwrite "geotools-34.0/lib/bufr-5.5.3.jar"; skipping
    can't overwrite "geotools-34.0/lib/opendap-2.1.jar"; skipping
    can't overwrite "geotools-34.0/lib/commons-cli-1.4.jar"; skipping
    can't overwrite "geotools-34.0/lib/gt-coverage-34.0.jar"; skipping
    can't overwrite "geotools-34.0/lib/imageio-ext-tiff-2.0.0.jar"; skipping
    can't overwrite "geotools-34.0/lib/aircompressor-0.27.jar"; skipping
    can't overwrite "geotools-34.0/lib/gt-cql-34.0.jar"; skipping
    can't overwrite "geotools-34.0/lib/gt-csv-34.0.jar"; skipping
    can't overwrite "geotools-34.0/lib/opencsv-5.0.jar"; skipping
    can't overwrite "geotools-34.0/lib/gt-epsg-extension-34.0.jar"; skipping
    can't overwrite "geotools-34.0/lib/gt-epsg-hsql-34.0.jar"; skipping
    can't overwrite "geotools-34.0/lib/hsqldb-2.7.2.jar"; skipping
    can't overwrite "geotools-34.0/lib/gt-feature-pregeneralized-34.0.jar"; skipping
    can't overwrite "geotools-34.0/lib/gt-geopkg-34.0.jar"; skipping
    can't overwrite "geotools-34.0/lib/sqlite-jdbc-3.41.2.2.jar"; skipping
    can't overwrite "geotools-34.0/lib/gt-geotiff-34.0.jar"; skipping
    can't overwrite "geotools-34.0/lib/imageio-ext-cog-reader-2.0.0.jar"; skipping
    can't overwrite "geotools-34.0/lib/imageio-ext-cog-commons-2.0.0.jar"; skipping
    can't overwrite "geotools-34.0/lib/imageio-ext-cog-streams-2.0.0.jar"; skipping
    can't overwrite "geotools-34.0/lib/ehcache-3.4.0.jar"; skipping
    can't overwrite "geotools-34.0/lib/gt-graph-34.0.jar"; skipping
    can't overwrite "geotools-34.0/lib/gt-grassraster-34.0.jar"; skipping
    can't overwrite "geotools-34.0/lib/gt-grid-34.0.jar"; skipping
    can't overwrite "geotools-34.0/lib/gt-http-commons-34.0.jar"; skipping
    can't overwrite "geotools-34.0/lib/httpclient-4.5.14.jar"; skipping
    can't overwrite "geotools-34.0/lib/httpcore-4.4.16.jar"; skipping
    can't overwrite "geotools-34.0/lib/commons-codec-1.11.jar"; skipping
    can't overwrite "geotools-34.0/lib/gt-http-34.0.jar"; skipping
    can't overwrite "geotools-34.0/lib/gt-image-34.0.jar"; skipping
    can't overwrite "geotools-34.0/lib/gt-imageio-ext-gdal-34.0.jar"; skipping
    can't overwrite "geotools-34.0/lib/imageio-ext-gdalarcbinarygrid-2.0.0.jar"; skipping
    can't overwrite "geotools-34.0/lib/imageio-ext-gdalframework-2.0.0.jar"; skipping
    can't overwrite "geotools-34.0/lib/gdal-3.2.0.jar"; skipping
    can't overwrite "geotools-34.0/lib/imageio-ext-gdalmrsid-2.0.0.jar"; skipping
    can't overwrite "geotools-34.0/lib/imageio-ext-gdalecw-2.0.0.jar"; skipping
    can't overwrite "geotools-34.0/lib/imageio-ext-gdaldted-2.0.0.jar"; skipping
    can't overwrite "geotools-34.0/lib/imageio-ext-gdalkakadujp2-2.0.0.jar"; skipping
    can't overwrite "geotools-34.0/lib/imageio-ext-gdalmrsidjp2-2.0.0.jar"; skipping
    can't overwrite "geotools-34.0/lib/imageio-ext-gdalecwjp2-2.0.0.jar"; skipping
    can't overwrite "geotools-34.0/lib/imageio-ext-gdalehdr-2.0.0.jar"; skipping
    can't overwrite "geotools-34.0/lib/imageio-ext-gdalenvihdr-2.0.0.jar"; skipping
    can't overwrite "geotools-34.0/lib/imageio-ext-gdalerdasimg-2.0.0.jar"; skipping
    can't overwrite "geotools-34.0/lib/imageio-ext-gdalnitf-2.0.0.jar"; skipping
    can't overwrite "geotools-34.0/lib/imageio-ext-gdalrpftoc-2.0.0.jar"; skipping
    can't overwrite "geotools-34.0/lib/imageio-ext-gdalidrisi-2.0.0.jar"; skipping
    can't overwrite "geotools-34.0/lib/imageio-ext-gdalvrt-2.0.0.jar"; skipping
    can't overwrite "geotools-34.0/lib/imageio-ext-gdalsrp-2.0.0.jar"; skipping
    can't overwrite "geotools-34.0/lib/gt-imagemosaic-34.0.jar"; skipping
    can't overwrite "geotools-34.0/lib/imageio-ext-streams-2.0.0.jar"; skipping
    can't overwrite "geotools-34.0/lib/commons-beanutils-1.11.0.jar"; skipping
    can't overwrite "geotools-34.0/lib/commons-collections-3.2.2.jar"; skipping
    can't overwrite "geotools-34.0/lib/jaxb-api-2.4.0-b180830.0359.jar"; skipping
    can't overwrite "geotools-34.0/lib/jaxb-runtime-2.4.0-b180830.0438.jar"; skipping
    can't overwrite "geotools-34.0/lib/txw2-2.4.0-b180830.0438.jar"; skipping
    can't overwrite "geotools-34.0/lib/istack-commons-runtime-3.0.7.jar"; skipping
    can't overwrite "geotools-34.0/lib/stax-ex-1.8.jar"; skipping
    can't overwrite "geotools-34.0/lib/FastInfoset-1.2.15.jar"; skipping
    can't overwrite "geotools-34.0/lib/javax.activation-api-1.2.0.jar"; skipping
    can't overwrite "geotools-34.0/lib/gt-imagepyramid-34.0.jar"; skipping
    can't overwrite "geotools-34.0/lib/gt-jdbc-34.0.jar"; skipping
    can't overwrite "geotools-34.0/lib/commons-dbcp-1.4.jar"; skipping
    can't overwrite "geotools-34.0/lib/gt-jp2k-34.0.jar"; skipping
    can't overwrite "geotools-34.0/lib/imageio-ext-kakadu-2.0.0.jar"; skipping
    can't overwrite "geotools-34.0/lib/imageio-ext-kakadujni-5.2.6.jar"; skipping
    can't overwrite "geotools-34.0/lib/gt-main-34.0.jar"; skipping
    can't overwrite "geotools-34.0/lib/commons-text-1.13.0.jar"; skipping
    can't overwrite "geotools-34.0/lib/re2j-1.8.jar"; skipping
    can't overwrite "geotools-34.0/lib/ejml-ddense-0.41.jar"; skipping
    can't overwrite "geotools-34.0/lib/ejml-core-0.41.jar"; skipping
    can't overwrite "geotools-34.0/lib/gt-mbstyle-34.0.jar"; skipping
    can't overwrite "geotools-34.0/lib/json-simple-1.1.1.jar"; skipping
    can't overwrite "geotools-34.0/lib/gt-metadata-34.0.jar"; skipping
    can't overwrite "geotools-34.0/lib/net.opengis.ows-34.0.jar"; skipping
    can't overwrite "geotools-34.0/lib/gt-mongodb-34.0.jar"; skipping
    can't overwrite "geotools-34.0/lib/mongodb-driver-legacy-4.0.6.jar"; skipping
    can't overwrite "geotools-34.0/lib/bson-4.0.6.jar"; skipping
    can't overwrite "geotools-34.0/lib/mongodb-driver-core-4.0.6.jar"; skipping
    can't overwrite "geotools-34.0/lib/mongodb-driver-sync-4.0.6.jar"; skipping
    can't overwrite "geotools-34.0/lib/gt-api-34.0.jar"; skipping
    can't overwrite "geotools-34.0/lib/commons-pool-1.5.4.jar"; skipping
    can't overwrite "geotools-34.0/lib/systems-common-2.1.jar"; skipping
    can't overwrite "geotools-34.0/lib/si-quantity-2.1.jar"; skipping
    can't overwrite "geotools-34.0/lib/si-units-2.1.jar"; skipping
    can't overwrite "geotools-34.0/lib/jakarta.annotation-api-1.3.4.jar"; skipping
    can't overwrite "geotools-34.0/lib/indriya-2.2.jar"; skipping
    can't overwrite "geotools-34.0/lib/uom-lib-common-2.2.jar"; skipping
    can't overwrite "geotools-34.0/lib/jakarta.inject-api-2.0.1.jar"; skipping
    can't overwrite "geotools-34.0/lib/apiguardian-api-1.1.2.jar"; skipping
    can't overwrite "geotools-34.0/lib/gt-process-feature-34.0.jar"; skipping
    can't overwrite "geotools-34.0/lib/gt-process-geometry-34.0.jar"; skipping
    can't overwrite "geotools-34.0/lib/gt-process-raster-34.0.jar"; skipping
    can't overwrite "geotools-34.0/lib/gt-process-34.0.jar"; skipping
    can't overwrite "geotools-34.0/lib/gt-property-34.0.jar"; skipping
    can't overwrite "geotools-34.0/lib/gt-referencing-34.0.jar"; skipping
    can't overwrite "geotools-34.0/lib/jgridshift-core-1.3.jar"; skipping
    can't overwrite "geotools-34.0/lib/GeographicLib-Java-1.49.jar"; skipping
    can't overwrite "geotools-34.0/lib/gt-render-34.0.jar"; skipping
    can't overwrite "geotools-34.0/lib/disruptor-1.2.15.jar"; skipping
    can't overwrite "geotools-34.0/lib/gt-sample-data-34.0.jar"; skipping
    can't overwrite "geotools-34.0/lib/xmlunit-core-2.10.0.jar"; skipping
    can't overwrite "geotools-34.0/lib/jakarta.xml.bind-api-2.3.3.jar"; skipping
    can't overwrite "geotools-34.0/lib/jakarta.activation-api-1.2.2.jar"; skipping
    can't overwrite "geotools-34.0/lib/xmlunit-matchers-2.9.1.jar"; skipping
    can't overwrite "geotools-34.0/lib/wiremock-standalone-3.11.0.jar"; skipping
    can't overwrite "geotools-34.0/lib/gt-sample-data-access-34.0.jar"; skipping
    can't overwrite "geotools-34.0/lib/gt-shapefile-34.0.jar"; skipping
    can't overwrite "geotools-34.0/lib/gt-swing-34.0.jar"; skipping
    can't overwrite "geotools-34.0/lib/miglayout-3.7-swing.jar"; skipping
    can't overwrite "geotools-34.0/lib/gt-tile-client-34.0.jar"; skipping
    can't overwrite "geotools-34.0/lib/gt-transform-34.0.jar"; skipping
    can't overwrite "geotools-34.0/lib/gt-wfs-ng-34.0.jar"; skipping
    can't overwrite "geotools-34.0/lib/gt-gml-geometry-streaming-34.0.jar"; skipping
    can't overwrite "geotools-34.0/lib/gt-wms-34.0.jar"; skipping
    can't overwrite "geotools-34.0/lib/gt-wmts-34.0.jar"; skipping
    can't overwrite "geotools-34.0/lib/gt-xsd-wmts-34.0.jar"; skipping
    can't overwrite "geotools-34.0/lib/net.opengis.wmts-34.0.jar"; skipping
    can't overwrite "geotools-34.0/lib/gt-xml-34.0.jar"; skipping
    can't overwrite "geotools-34.0/lib/commons-collections4-4.4.jar"; skipping
    can't overwrite "geotools-34.0/lib/gt-ysld-34.0.jar"; skipping
    can't overwrite "geotools-34.0/lib/snakeyaml-2.4.jar"; skipping
    can't overwrite "geotools-34.0/lib/jsr305-3.0.2.jar"; skipping
    can't overwrite "geotools-34.0/lib/gt-jdbc-db2-34.0.jar"; skipping
    can't overwrite "geotools-34.0/lib/jcc-12.1.0.0.jar"; skipping
    can't overwrite "geotools-34.0/lib/gt-jdbc-h2-34.0.jar"; skipping
    can't overwrite "geotools-34.0/lib/h2-1.1.119.jar"; skipping
    can't overwrite "geotools-34.0/lib/geodb-0.9.jar"; skipping
    can't overwrite "geotools-34.0/lib/hatbox-1.0.b11.jar"; skipping
    can't overwrite "geotools-34.0/lib/gt-jdbc-hana-34.0.jar"; skipping
    can't overwrite "geotools-34.0/lib/gt-jdbc-mysql-34.0.jar"; skipping
    can't overwrite "geotools-34.0/lib/mysql-connector-j-9.1.0.jar"; skipping
    can't overwrite "geotools-34.0/lib/gt-jdbc-oracle-34.0.jar"; skipping
    can't overwrite "geotools-34.0/lib/ojdbc17-23.7.0.25.01.jar"; skipping
    can't overwrite "geotools-34.0/lib/gt-jdbc-postgis-34.0.jar"; skipping
    can't overwrite "geotools-34.0/lib/gt-jdbc-sqlserver-34.0.jar"; skipping
    can't overwrite "geotools-34.0/lib/jtds-1.3.1.jar"; skipping
    can't overwrite "geotools-34.0/lib/mssql-jdbc-9.4.0.jre8.jar"; skipping
    can't overwrite "geotools-34.0/lib/gt-jdbc-teradata-34.0.jar"; skipping
    can't overwrite "geotools-34.0/lib/gt-xsd-core-34.0.jar"; skipping
    can't overwrite "geotools-34.0/lib/picocontainer-1.2.jar"; skipping
    can't overwrite "geotools-34.0/lib/commons-jxpath-1.3.jar"; skipping
    can't overwrite "geotools-34.0/lib/org.eclipse.emf.common-2.15.0.jar"; skipping
    can't overwrite "geotools-34.0/lib/org.eclipse.emf.ecore-2.15.0.jar"; skipping
    can't overwrite "geotools-34.0/lib/org.eclipse.xsd-2.12.0.jar"; skipping
    can't overwrite "geotools-34.0/lib/org.eclipse.emf.ecore.xmi-2.15.0.jar"; skipping
    can't overwrite "geotools-34.0/lib/gt-xsd-csw-34.0.jar"; skipping
    can't overwrite "geotools-34.0/lib/net.opengis.csw-34.0.jar"; skipping
    can't overwrite "geotools-34.0/lib/gt-xsd-fes-34.0.jar"; skipping
    can't overwrite "geotools-34.0/lib/net.opengis.fes-34.0.jar"; skipping
    can't overwrite "geotools-34.0/lib/gt-xsd-filter-34.0.jar"; skipping
    can't overwrite "geotools-34.0/lib/gt-xsd-gml2-34.0.jar"; skipping
    can't overwrite "geotools-34.0/lib/gt-xsd-gml3-34.0.jar"; skipping
    can't overwrite "geotools-34.0/lib/gt-xsd-kml-34.0.jar"; skipping
    can't overwrite "geotools-34.0/lib/gt-xsd-ows-34.0.jar"; skipping
    can't overwrite "geotools-34.0/lib/gt-xsd-sld-34.0.jar"; skipping
    can't overwrite "geotools-34.0/lib/gt-xsd-wcs-34.0.jar"; skipping
    can't overwrite "geotools-34.0/lib/org.w3.xlink-34.0.jar"; skipping
    can't overwrite "geotools-34.0/lib/net.opengis.wcs-34.0.jar"; skipping
    can't overwrite "geotools-34.0/lib/gt-xsd-wfs-34.0.jar"; skipping
    can't overwrite "geotools-34.0/lib/gt-xsd-wms-34.0.jar"; skipping
    can't overwrite "geotools-34.0/lib/gt-xsd-wps-34.0.jar"; skipping
    can't overwrite "geotools-34.0/lib/net.opengis.wps-34.0.jar"; skipping
    can't overwrite "geotools-34.0/optional/gt-epsg-postgresql-34.0.jar"; skipping
    can't overwrite "geotools-34.0/optional/gt-epsg-wkt-34.0.jar"; skipping

successfully unzipped geotools-34.0-bin.zip to current directory
total processed:  271
        skipped:  271
      extracted:  0
.      geotools_init `c(pwd)'/geotools-34.0/lib, plus(geotools) 
Copying geotools jars to /working\\ado\\plus/geotools ...
. {\rbr}

. else geotools_init, plus(geotools) download

. 
. display "******Java dependency has been set up*******"
******Java dependency has been set up*******

. display "********Now you can use readraster**********"
********Now you can use readraster**********

. 
. ************Set up for Readraster************
. 
end of do-file
. {\rbr}

. 
. cap which geoplot

. if _rc {\lbr}
.    ssc install geoplot, replace
. {\rbr}

. cap which lmoremata.mlib

. if _rc {\lbr}
.     ssc install moremata, replace
. {\rbr}

. cap which heatplot

. if _rc {\lbr}
.     ssc install heatplot, replace
. {\rbr}

. cap which palettes.hlp

. if _rc {\lbr}
.     ssc install palettes, replace
. {\rbr}

. 
. 
. 
. set scheme sj, permanently
({\bftt{set scheme}} preference recorded)

. 
. **********************************************************
. * downloading nc file
. cap findfile tas_day_BCC-CSM2-MR_ssp245_r1i1p1f1_gn_2050.nc

. 
. if _rc{\lbr}
.         local url = "https://nex-gddp-cmip6.s3-us-west-2.amazonaws.com/" + ///
>                                 "NEX-GDDP-CMIP6/BCC-CSM2-MR/ssp245/r1i1p1f1/tas/" + ///
>                                 "tas_day_BCC-CSM2-MR_ssp245_r1i1p1f1_gn_2050.nc"
.                                 
.         copy `"`url'"' .
. {\rbr}

. 
. **************************Example of GeoTIFF********************************
. ************5.1 Display the Metadata************
. 
. //Display the Metadata of the GeoTIFF File
. gtiffdisp DMSP-like2020.tif

=== Band Information ===
Number of bands: 1
Band 1 : GRAY_INDEX           | NoData: Not defined

=== Spatial Characteristics ===
X range: [-2643772.8565 ~ 2212227.1435]
Y range: [1871896.5263 ~ 5926896.5263]
Resolution: X=1000.0000 units/pixel, Y=1000.0000 units/pixel

=== Coordinate System ===
CRS Name: PCS Name = WGS_1984_Albers
CRS WKT: PROJCS["PCS Name = WGS_1984_Albers", 
  GEOGCS["WGS 84", 
    DATUM["World Geodetic System 1984", 
      SPHEROID["WGS 84", 6378137.0, 298.257223563, AUTHORITY["EPSG","7030"]], 
      AUTHORITY["EPSG","6326"]], 
    PRIMEM["Greenwich", 0.0, AUTHORITY["EPSG","8901"]], 
    UNIT["degree", 0.017453292519943295], 
    AXIS["Geodetic longitude", EAST], 
    AXIS["Geodetic latitude", NORTH], 
    AUTHORITY["EPSG","4326"]], 
  PROJECTION["Albers_Conic_Equal_Area"], 
  PARAMETER["central_meridian", 105.0], 
  PARAMETER["latitude_of_origin", 0.0], 
  PARAMETER["standard_parallel_1", 25.0], 
  PARAMETER["false_easting", 0.0], 
  PARAMETER["false_northing", 0.0], 
  PARAMETER["standard_parallel_2", 47.0], 
  UNIT["m", 1.0], 
  AXIS["Easting", EAST], 
  AXIS["Northing", NORTH]]

=== Units ===
X unit: m
Y unit: m

=== Filtered Metadata ===
ImageN.ImageReader          : it.geosolutions.imageioimpl.plugins.tiff.TIFFIm...
image_height                : 4055
image_min_x_coord           : 0
image_width                 : 4856
ImageN.ImageReadParam       : it.geosolutions.imageio.plugins.tiff.TIFFImageR...
image_min_y_coord           : 0

. 
. ************5.2 Import Raster Data into Stata************
. 
. //Read the GeoTIFF file for a specific region
. spshape2dta hunan.shp, replace 
  (importing .shp file)
  (importing .dbf file)
  (creating _ID spatial-unit id)
  (creating _CX coordinate)
  (creating _CY coordinate)

  file hunan_shp.dta created
  file hunan.dta     created

. use "hunan.dta",clear

. crsconvert _CX _CY, gen(alber) from(hunan.shp) to(DMSP-like2020.tif)
Converting coordinates from CRS:
Source CRS: GEOGCS["GCS_WGS_1984", 
  DATUM["D_WGS_1984", 
    SPHEROID["WGS_1984", 6378137.0, 298.257223563]], 
  PRIMEM["Greenwich", 0.0], 
  UNIT["degree", 0.017453292519943295], 
  AXIS["Longitude", EAST], 
  AXIS["Latitude", NORTH]]
Target CRS: PROJCS["PCS Name = WGS_1984_Albers", 
  GEOGCS["WGS 84", 
    DATUM["World Geodetic System 1984", 
      SPHEROID["WGS 84", 6378137.0, 298.257223563, AUTHORITY["EPSG","7030"]], 
      AUTHORITY["EPSG","6326"]], 
    PRIMEM["Greenwich", 0.0, AUTHORITY["EPSG","8901"]], 
    UNIT["degree", 0.017453292519943295], 
    AXIS["Geodetic longitude", EAST], 
    AXIS["Geodetic latitude", NORTH], 
    AUTHORITY["EPSG","4326"]], 
  PROJECTION["Albers_Conic_Equal_Area"], 
  PARAMETER["central_meridian", 105.0], 
  PARAMETER["latitude_of_origin", 0.0], 
  PARAMETER["standard_parallel_1", 25.0], 
  PARAMETER["false_easting", 0.0], 
  PARAMETER["false_northing", 0.0], 
  PARAMETER["standard_parallel_2", 47.0], 
  UNIT["m", 1.0], 
  AXIS["Easting", EAST], 
  AXIS["Northing", NORTH]]

. 
. qui sum alber_CX

. local maxX = r(max)+2000

. local minX = r(min)-2000

. 
. qui sum alber_CY

. local maxY = r(max)+2000

. local minY = r(min)-2000

. 
. gtiffread DMSP-like2020.tif, origin(1 1) size(-1 1) clear 

. gen n=_n

. sum n if y>`minY' & y<`maxY'

    Variable |        Obs        Mean    Std. dev.       Min        Max
-------------+---------------------------------------------------------
           n |        400      3006.5    115.6143       2807       3206

. local start_row = r(min)

. local n_rows = r(N)

. 
. gtiffread DMSP-like2020.tif, origin(1 1) size(1 -1) clear 

. gen n=_n

. sum n if x>`minX' & x<`maxX'

    Variable |        Obs        Mean    Std. dev.       Min        Max
-------------+---------------------------------------------------------
           n |        385        3292    111.2842       3100       3484

. local start_col = r(min)

. local n_cols = r(N)

. 
. gtiffread DMSP-like2020.tif, origin(`start_row' `start_col') ///
>                              size(`n_rows' `n_cols') clear

. 
. save DMSP-like2020.dta,replace
file DMSP-like2020.dta saved

. 
. // heatplot
. use DMSP-like2020.dta, clear

. heatplot value y x, color(Greys, reverse) level(6) ///
>                 xlabel(, angle(45)) graphr(c(white))

. 
. graph save gragh1, replace
file gragh1.gph saved

. 
. 
. ********5.3 Calculating Average Nighttime Light Intensity for hunan********
. zonalstats DMSP-like2020.tif using hunan.shp, stats("avg") clear
GeoTIFF CRS detected: PCS Name = WGS_1984_Albers. User-provided CRS is ignored.
Shapefile CRS: GCS_WGS_1984
Reprojecting shapefile from GCS_WGS_1984 to PCS Name = WGS_1984_Albers
Shapefile bounds for raster reading: ReferencedEnvelope[373271.4002242747 : 918728.259838356, 2596264.78616
> 1866 : 3202467.2929103803] DefaultProjectedCRS[PCS Name = WGS_1984_Albers] AXIS["Easting", EAST] AXIS["No
> rthing", NORTH]
Raster envelope: ReferencedEnvelope[-2643772.8565207715 : 2212227.1434792285, 1871896.5262559392 : 5926896.
> 526255939] DefaultProjectedCRS[PCS Name = WGS_1984_Albers] AXIS["Easting", EAST] AXIS["Northing", NORTH]
Using intersection bounds: ReferencedEnvelope[373271.4002242747 : 918728.259838356, 2596264.786161866 : 320
> 2467.2929103803] DefaultProjectedCRS[PCS Name = WGS_1984_Albers] AXIS["Easting", EAST] AXIS["Northing", N
> ORTH]
Successfully created optimized read parameters
Successfully read raster data with optimization
Total features: 14
Created string variable: z_ShiName (length 16)
Created numeric variable: z_Shape_Leng
Created numeric variable: z_Shape_Area
Created string variable: z_Name (length 16)
Created numeric variable: z_lon
Created numeric variable: z_lat
Created numeric variable: avg
Data successfully exported to Stata dataset.

. list z_Name avg

     +-------------------------+
     |      z_Name         avg |
     |-------------------------|
  1. |     Changde   3.2560185 |
  2. |    Chenzhou   2.0607766 |
  3. |    Hengyang   3.2285136 |
  4. |     Huaihua   1.2616182 |
  5. |       Loudi   3.7707743 |
     |-------------------------|
  6. |    Shaoyang   1.7991827 |
  7. |    Xiangtan   7.2288051 |
  8. |     Xiangxi    1.458301 |
  9. |      Yiyang   2.4555944 |
 10. |    Yongzhou   2.0996052 |
     |-------------------------|
 11. |     Yueyang   3.8674934 |
 12. | Zhangjiajie   1.7823899 |
 13. |    Changsha   11.616603 |
 14. |     Zhuzhou   3.8699787 |
     +-------------------------+

. save "hunan_light.dta", replace
file hunan_light.dta saved

. 
. use hunan.dta, clear

. 
. rename Name z_Name  

. merge 1:1 z_Name using hunan_light.dta,nogen
(variable z_Name was str11, now str16 to accommodate using data's values)

    Result                      Number of obs
    -----------------------------------------
    Not matched                             0
    Matched                                14  
    -----------------------------------------

. save hunan_light.dta, replace
file hunan_light.dta saved

. 
. geoframe create region     ///
>          "hunan_light.dta", id(_ID) centroids(_CX _CY) ///
>           shp(hunan_shp.dta) replace
(creating frame region from hunan_light.dta)
(creating frame region_shp from hunan_shp.dta)

            Frame name: region [make current]
            Frame type: attribute
          Feature type: <none>
         Number of obs: 14
               Unit ID: _ID
           Coordinates: _CX _CY
    Linked shape frame: region_shp

. 
. geoplot ///
>     (area region avg, color(Greys, reverse) ///
>                 level(6, quantile weight(avg))) ///
>     (line region, lwidth(vthin)), legend(position(sw))

.  
. graph save gragh2, replace
file gragh2.gph saved

. 
. ********5.4 Calculate 80km-radius IDW light for cities********
. 
. use "DMSP-like2020.dta", clear

. crsconvert x y, gen(wsg84_) from(DMSP-like2020.tif) to(hunan.shp)
Converting coordinates from CRS:
Source CRS: PROJCS["PCS Name = WGS_1984_Albers", 
  GEOGCS["WGS 84", 
    DATUM["World Geodetic System 1984", 
      SPHEROID["WGS 84", 6378137.0, 298.257223563, AUTHORITY["EPSG","7030"]], 
      AUTHORITY["EPSG","6326"]], 
    PRIMEM["Greenwich", 0.0, AUTHORITY["EPSG","8901"]], 
    UNIT["degree", 0.017453292519943295], 
    AXIS["Geodetic longitude", EAST], 
    AXIS["Geodetic latitude", NORTH], 
    AUTHORITY["EPSG","4326"]], 
  PROJECTION["Albers_Conic_Equal_Area"], 
  PARAMETER["central_meridian", 105.0], 
  PARAMETER["latitude_of_origin", 0.0], 
  PARAMETER["standard_parallel_1", 25.0], 
  PARAMETER["false_easting", 0.0], 
  PARAMETER["false_northing", 0.0], 
  PARAMETER["standard_parallel_2", 47.0], 
  UNIT["m", 1.0], 
  AXIS["Easting", EAST], 
  AXIS["Northing", NORTH]]
Target CRS: GEOGCS["GCS_WGS_1984", 
  DATUM["D_WGS_1984", 
    SPHEROID["WGS_1984", 6378137.0, 298.257223563]], 
  PRIMEM["Greenwich", 0.0], 
  UNIT["degree", 0.017453292519943295], 
  AXIS["Longitude", EAST], 
  AXIS["Latitude", NORTH]]

. gen n=_n

. save "light_china.dta", replace
file light_china.dta saved

. 
. use "hunan_city.dta", clear

. matchgeop ORIG_FID lat lon using light_china.dta, ///
>                neighbors(n wsg84_y wsg84_x) within(80) gen(distance)

. 
. merge m:1 n using light_china.dta, keep(3)

    Result                      Number of obs
    -----------------------------------------
    Not matched                             0
    Matched                           206,615  (_merge==3)
    -----------------------------------------

. drop _merge

. 
. drop if value==.
(0 observations deleted)

. gen weight  = 1/distance

. gen weighted_light = value * weight

. bysort city: egen sum_weighted_light = total(weighted_light)

. bysort city: egen total_weight = total(weight)

. gen idw_light = sum_weighted_light / total_weight

. 
. duplicates drop city, force

Duplicates in terms of city

(206,601 observations deleted)

. 
. ///IDW interpolated light distributions in Hunan
> rename city Name

. merge m:1 Name using hunan.dta

    Result                      Number of obs
    -----------------------------------------
    Not matched                             0
    Matched                                14  (_merge==3)
    -----------------------------------------

. 
. save "hunan_light.dta", replace
file hunan_light.dta saved

. 
. geoframe create region ///
>    "hunan_light.dta", id(_ID) centroids(_CX _CY) ///
>     shp(hunan_shp.dta) replace
(creating frame region from hunan_light.dta)
(creating frame region_shp from hunan_shp.dta)

            Frame name: region [make current]
            Frame type: attribute
          Feature type: <none>
         Number of obs: 14
               Unit ID: _ID
           Coordinates: _CX _CY
    Linked shape frame: region_shp

. 
. geoplot ///
>   (area region idw_light , color(Greys, reverse) ///
>           level(6, quantile weight(idw_light))) ///
>   (line region, lwidth(vthin)), legend(position(sw))

. 
. graph save gragh3, replace
file gragh3.gph saved

. 
. **************************Example of NetCDF********************************
. 
. ************6.1 Display the Metadata************
. 
. //Display the Metadata of the NetCDF File
. ncdisp using tas_day_BCC-CSM2-MR_ssp245_r1i1p1f1_gn_2050.nc

=== File Structure ===

[Global Attributes]
_NCProperties            : version=1|netcdflibversion=4.4.1.1|hdf5libversi...
activity                 : NEX-GDDP-CMIP6
contact                  : Dr. Rama Nemani: rama.nemani@nasa.gov, Dr. Brid...
Conventions              : CF-1.7
creation_date            : 2021-10-04T14:25:12.081609+00:00
frequency                : day
institution              : NASA Earth Exchange, NASA Ames Research Center,...
variant_label            : r1i1p1f1
product                  : output
realm                    : atmos
source                   : BCSD
scenario                 : ssp245
references               : BCSD method: Thrasher et al., 2012, Hydrol. Ear...
version                  : 1.0
tracking_id              : 6ab2a874-d3fe-484a-a7e8-82df448e364f
title                    : BCC-CSM2-MR, r1i1p1f1, ssp245, global downscale...
resolution_id            : 0.25 degree
history                  : 2021-10-04T14:25:12.081609+00:00: install globa...
disclaimer               : This data is considered provisional and subject...
external_variables       : areacella
cmip6_source_id          : BCC-CSM2-MR
cmip6_institution_id     : BCC
cmip6_license            : CC-BY-SA 4.0
_CoordSysBuilder         : ucar.nc2.internal.dataset.conv.CF1Convention

[Dimensions]
Name                 Length   Attribute      
time                 365      Coordinate     
lat                  600      Coordinate     
lon                  1440     Coordinate     

[Variables]
Name                      Dimensions                     Type           
tas                       time lat lon                   float          
time                      time                           double         
lat                       lat                            double         
lon                       lon                            double         

[Groups]

. 
. //Display variable metadata with ncdisp
. ///tas variable
> ncdisp tas using tas_day_BCC-CSM2-MR_ssp245_r1i1p1f1_gn_2050.nc

=== Dimensions ===
Dimension       Length   Coordinate     
time            365      [Yes]          
lat             600      [Yes]          
lon             1440     [Yes]          

=== Scale/Offset Parameters ===
missing value  : 100000002004087730000.000000 (Type: float)
 FillValue     : 100000002004087730000.000000 (Type: float)

=== Attributes ===
missing_value       : 1.0E20
cell_measures       : area: areacella
cell_methods        : area: mean time: maximum (interval: 5 minutes)
original_name       : TREFHTMX
comment             : near-surface (usually, 2 meter) air temperature; derived from downscaled tasmax & tas
> min
units               : K
long_name           : Daily Near-Surface Air Temperature
standard_name       : air_temperature
_FillValue          : 1.0E20
_ChunkSizes         : 1

=== Metadata ===
Units          : K (original: K)

Shape          : [365, 600, 1440]
Data Type      : float

=== Variable Structure ===
Name: tas                       Type: float          

. 
. ///time variable
> ncdisp time using tas_day_BCC-CSM2-MR_ssp245_r1i1p1f1_gn_2050.nc

=== Dimensions ===
Dimension       Length   Coordinate     
time            365      [Yes]          

=== Scale/Offset Parameters ===

=== Attributes ===
units               : days since 2040-01-01
standard_name       : time
long_name           : time
calendar            : 365_day
axis                : T
_ChunkSizes         : 365
_CoordinateAxisType : Time

=== Metadata ===
Units          : days since 2040-01-01 (original: days since 2040-01-01)

Shape          : [365]
Data Type      : double

=== Variable Structure ===
Name: time                      Type: double         

. 
. ************6.2 Import Raster Data into Stata************
. 
. //Read the NetCDF file
. 
. ncread lon using tas_day_BCC-CSM2-MR_ssp245_r1i1p1f1_gn_2050.nc, clear 
Sucessfully import 1440 Obs into Stata.

. gen n=_n 

. qui sum n if lon>=108 & lon<=115

. local lon_start = r(min)

. local lon_count = r(N)

. 
. ncread lat using tas_day_BCC-CSM2-MR_ssp245_r1i1p1f1_gn_2050.nc, clear 
Sucessfully import 600 Obs into Stata.

. gen n=_n 

. qui sum n if lat>=24 & lat<=31

. local lat_start = r(min)

. local lat_count = r(N)

. 
. ncread tas using tas_day_BCC-CSM2-MR_ssp245_r1i1p1f1_gn_2050.nc, ///
>                         clear origin(1 `lat_start' `lon_start') ///
>                         size(-1 `lat_count' `lon_count')


Sucessfully import 286160 Obs into Stata.

. 
. gen date = time - 3650.5  + date("2050-01-01", "YMD")

. format date %td

. 
. list in 1/10

     +---------------------------------------------------+
     |   time      lat       lon         tas        date |
     |---------------------------------------------------|
  1. | 3650.5   24.125   108.125   288.02673   01jan2050 |
  2. | 3650.5   24.125   108.375   289.05478   01jan2050 |
  3. | 3650.5   24.125   108.625   288.97476   01jan2050 |
  4. | 3650.5   24.125   108.875   288.53751   01jan2050 |
  5. | 3650.5   24.125   109.125   289.27686   01jan2050 |
     |---------------------------------------------------|
  6. | 3650.5   24.125   109.375   290.04214   01jan2050 |
  7. | 3650.5   24.125   109.625   289.90146   01jan2050 |
  8. | 3650.5   24.125   109.875   290.08304   01jan2050 |
  9. | 3650.5   24.125   110.125   286.86743   01jan2050 |
 10. | 3650.5   24.125   110.375   287.87402   01jan2050 |
     +---------------------------------------------------+

. 
. save "grid_all.dta", replace
file grid_all.dta saved

. 
. ********6.3 Calculating Average temperature for hunan********
. 
. zonalstats tas_day_BCC-CSM2-MR_ssp245_r1i1p1f1_gn_2050.nc using "hunan.shp", ///
>                       var(tas) stats(avg) origin(1 `lat_start' `lon_start') ///
>                               size(1 `lat_count' `lon_count') crs(EPSG:4326) clear
NetCDF variable 'tas' type: float
NetCDF variable 'tas' missing value attribute: 1.0E20 (type: float)
NetCDF CRS not detected. Using user-provided CRS: EPSG:4326
Coordinate systems are compatible, no reprojection needed
Created numeric variable: avg
Data successfully exported to Stata dataset.

. replace avg = avg - 273.15
(14 real changes made)

. save "hunan_temp.dta", replace
file hunan_temp.dta saved

. 
. use hunan.dta, clear

. 
. rename Name z_Name  

. merge 1:1 z_Name using hunan_temp.dta,nogen
(variable z_Name was str11, now str16 to accommodate using data's values)

    Result                      Number of obs
    -----------------------------------------
    Not matched                             0
    Matched                                14  
    -----------------------------------------

. save hunan_temp.dta, replace
file hunan_temp.dta saved

. 
. geoframe create region ///
>    "hunan_temp.dta", id(_ID) centroids(_CX _CY) ///
>     shp(hunan_shp.dta) replace
(creating frame region from hunan_temp.dta)
(creating frame region_shp from hunan_shp.dta)

            Frame name: region [make current]
            Frame type: attribute
          Feature type: <none>
         Number of obs: 14
               Unit ID: _ID
           Coordinates: _CX _CY
    Linked shape frame: region_shp

. 
. geoplot ///
>  (area region avg, color(Greys) ///
>                    level(6, quantile weight(avg))) ///
>  (line region, lwidth(vthin)), legend(position(sw))

. 
. graph save gragh4, replace
file gragh4.gph saved

. 
. ********6.4 Calculate 80km-radius IDW average temperatures for cities********
. use "grid_all.dta", clear

. rename lon ulon

. rename lat ulat

. gen n=_n

. save "grid_all_2.dta", replace
file grid_all_2.dta saved

. 
. use "hunan_city.dta", clear

. matchgeop ORIG_FID lat lon using grid_all_2.dta, ///
>                      neighbors(n ulat ulon) within(80) gen(distance)

. 
. merge m:1 n using grid_all_2.dta, keep(3)

    Result                      Number of obs
    -----------------------------------------
    Not matched                             0
    Matched                           148,555  (_merge==3)
    -----------------------------------------

. drop _merge

. 
. list city ulat ulon distance date tas in 1/10

     +-----------------------------------------------------------------+
     |     city     ulat      ulon    distance        date         tas |
     |-----------------------------------------------------------------|
  1. | Yongzhou   25.125   111.625   72.995079   01jan2050   287.24945 |
  2. | Yongzhou   25.125   111.875   73.701637   01jan2050    284.2619 |
  3. | Chenzhou   25.125   113.125    76.69973   01jan2050   285.54437 |
  4. | Yongzhou   25.375   111.125   75.168007   01jan2050   285.06604 |
  5. | Yongzhou   25.375   111.375    56.90913   01jan2050   286.44476 |
     |-----------------------------------------------------------------|
  6. | Yongzhou   25.375   111.625   45.657139   01jan2050   287.84082 |
  7. | Yongzhou   25.375   111.875   46.776157   01jan2050   286.04608 |
  8. | Yongzhou   25.375   112.125   59.573086   01jan2050   285.83316 |
  9. | Yongzhou   25.375   112.375   78.532799   01jan2050   286.43384 |
 10. | Chenzhou   25.375   112.625   70.880791   01jan2050    285.7345 |
     +-----------------------------------------------------------------+

. 
. save "hunan_80km.dta", replace
file hunan_80km.dta saved

. 
. drop if tas==.
(0 observations deleted)

. gen weight  = 1/distance

. gen weighted_tas = tas * weight

. bysort city date : egen sum_weighted_tas = total(weighted_tas)

. bysort city date : egen total_weight = total(weight)

. gen idw_tas = sum_weighted_tas / total_weight

. gen temp_c = idw_tas - 273.15

. 
. duplicates drop city date , force

Duplicates in terms of city date

(143,445 observations deleted)

. 
. list city  distance date  temp_c in 1/10

     +--------------------------------------------+
     |    city    distance        date     temp_c |
     |--------------------------------------------|
  1. | Changde   13.184405   01jan2050    7.65365 |
  2. | Changde   58.544605   02jan2050   7.220788 |
  3. | Changde   74.443283   03jan2050    8.44021 |
  4. | Changde   72.578667   04jan2050   6.136468 |
  5. | Changde   38.741573   05jan2050   7.520319 |
     |--------------------------------------------|
  6. | Changde   78.467232   06jan2050   7.391534 |
  7. | Changde   13.184405   07jan2050   6.704889 |
  8. | Changde   16.299124   08jan2050   3.407739 |
  9. | Changde   48.368313   09jan2050   2.457117 |
 10. | Changde   39.140995   10jan2050   2.555414 |
     +--------------------------------------------+

. 
. save "hunan_IDW.dta", replace
file hunan_IDW.dta saved

. 
. ///IDW interpolated temperature distributions in Hunan
> use "hunan_IDW.dta" ,clear

. rename city Name

. merge m:1 Name using hunan.dta

    Result                      Number of obs
    -----------------------------------------
    Not matched                             0
    Matched                             5,110  (_merge==3)
    -----------------------------------------

. 
. keep if date == date("01jan2050", "DMY")
(5,096 observations deleted)

. save hunan_IDW_202500101.dta, replace
file hunan_IDW_202500101.dta saved

. 
. geoframe create region ///
>     "hunan_IDW_202500101.dta", id(_ID) centroids(_CX _CY) ///
>     shp(hunan_shp.dta) ///
>     replace
(creating frame region from hunan_IDW_202500101.dta)
(creating frame region_shp from hunan_shp.dta)

            Frame name: region [make current]
            Frame type: attribute
          Feature type: <none>
         Number of obs: 14
               Unit ID: _ID
           Coordinates: _CX _CY
    Linked shape frame: region_shp

. 
. geoplot ///
>     (area region temp_c , color(Greys) ///
>                 level(6, quantile weight(temp_c))) ///
>     (line region, lwidth(vthin)), legend(position(sw))

. 
. graph save gragh5, replace
file gragh5.gph saved

. log close
      name:  <unnamed>
       log:  C:\Users\17286\Documents\example.log
  log type:  text
 closed on:  29 Oct 2025, 17:51:13
-----------------------------------------------------------------------------------------------------------
